
Discarded input sections

 .eh_frame_hdr  0x0000000000000000        0x0 /opt/KasperskyOS-Community-Edition-1.1.0.204/sysroot-aarch64-kos/../libexec/aarch64-kos/kos
 .comment       0x0000000000000000      0x862 /opt/KasperskyOS-Community-Edition-1.1.0.204/sysroot-aarch64-kos/../libexec/aarch64-kos/kos

Memory Configuration

Name             Origin             Length             Attributes
*default*        0x0000000000000000 0xffffffffffffffff

Linker script and memory map

LOAD /opt/KasperskyOS-Community-Edition-1.1.0.204/sysroot-aarch64-kos/../libexec/aarch64-kos/kos
LOAD /tmp/tmp.SEqkBbx7gX
LOAD /opt/KasperskyOS-Community-Edition-1.1.0.204/toolchain/lib/gcc/aarch64-kos/9.2.1/libgcc.a
                0x0000000010200000                . = 0x10200000
                0x0000000010200000                _begin = .
                0x0000000010200000                . = ALIGN (0x1000)

.text           0x0000000010200000     0x7000
 *(.bootheader)
 .bootheader    0x0000000010200000       0xa0 /opt/KasperskyOS-Community-Edition-1.1.0.204/sysroot-aarch64-kos/../libexec/aarch64-kos/kos
                0x0000000010200000                Entry
 *(.text)
 .text          0x00000000102000a0     0x6d68 /opt/KasperskyOS-Community-Edition-1.1.0.204/sysroot-aarch64-kos/../libexec/aarch64-kos/kos
                0x00000000102000a0                BootGetPfn
                0x00000000102000e0                PageTableGetPfn
                0x00000000102000f0                PrepareLoaderInfo
                0x0000000010200140                FreeLoaderInfo
                0x0000000010200200                BootInitSmpSoc
                0x0000000010200210                BootInitConsole
                0x0000000010200240                BootFinitConsole
                0x0000000010200260                BootDie
                0x00000000102002a0                PrepareKernel
                0x0000000010200710                PrepareEntropy
                0x0000000010200780                PrepareStackGuard
                0x00000000102007d0                PrepareRomfs
                0x0000000010200820                BootEntry
                0x0000000010200930                PreparePageTables
                0x0000000010200bc0                BootDumpPhysMap
                0x0000000010200bd0                BootCreateMapItem
                0x0000000010200bf0                DiagConsoleInit
                0x0000000010200c00                DiagConsoleFinit
                0x0000000010200c10                BootInitPeriphery
                0x0000000010200c40                PrepareTrampoline
                0x0000000010200f80                BootInitMapping
                0x0000000010200ff0                BootMapPages
                0x0000000010201050                PrepareModules
                0x0000000010201070                ElfEntry
                0x00000000102010a0                InitPhysMap
                0x0000000010201130                ParseBootloaderArguments
                0x0000000010201140                InitCpu
                0x0000000010201150                SetupArchFlags
                0x0000000010201160                HalMakePteContentEx
                0x00000000102011c0                HalMakePteContent
                0x0000000010201210                HalCheckCpuFeatures
                0x0000000010201250                HalDumpCpuFeatures
                0x0000000010201290                HalShowCpuCacheMode
                0x0000000010201300                HalGetCpuCacheInfo
                0x00000000102016e0                FbConsoleGetInfo
                0x00000000102016f0                ConsoleInit
                0x0000000010201750                ConsoleGetPos
                0x0000000010201770                ConsoleRemap
                0x0000000010201c20                HalAllocPhysMem
                0x0000000010201d30                HalOccupyMemRegion
                0x0000000010201d50                HalFreeMemRegion
                0x0000000010201d70                HalGetMemPermByType
                0x0000000010201e90                HalGetMemRegionPerm
                0x0000000010201ef0                HalGetMemRegionType
                0x0000000010201f50                HalIsPageValid
                0x00000000102020a0                HalInitDiagUart
                0x0000000010202120                HalUartSelectDevice
                0x0000000010202160                GenericTimerBootInit
                0x0000000010202170                GicGetDistributorBase
                0x0000000010202180                GicWrite32
                0x0000000010202190                GicRead32
                0x00000000102021a0                GicWriteDist32
                0x00000000102021c0                GicWriteDist64
                0x00000000102021e0                GicReadDist32
                0x0000000010202200                GicReadDist64
                0x0000000010202220                GicSetupInterruptsSecurity
                0x00000000102022a0                GicBootInit
                0x00000000102022b0                Bcm2711SelectMemoryMapByRevision
                0x0000000010202350                HalGetPhysMap
                0x0000000010202360                Bcm2711MboxRead
                0x00000000102023e0                Bcm2711MboxWrite
                0x0000000010202440                Bcm2711MboxInit
                0x0000000010202460                Bcm2711MboxFini
                0x0000000010202470                Bcm2711MboxPropertyMsgInit
                0x00000000102024a0                Bcm2711MboxPropertyTagInit
                0x00000000102024b0                Bcm2711MboxPropertyWrite
                0x00000000102025b0                Bcm2711MboxDumpTag
                0x0000000010202660                Bcm2711MboxDumpMsg
                0x0000000010202760                Bcm2711MboxPropertyInit
                0x0000000010202780                Bcm2711MboxPropertyFini
                0x0000000010202790                BootInitSecondaryCores
                0x0000000010202830                BootStartupSecondaryCores
                0x0000000010202850                BootInitSoc
                0x0000000010202860                MiniUartInit
                0x0000000010202880                MiniUartDone
                0x0000000010202890                MiniUartGetChar
                0x00000000102028a0                MiniUartPutChar
                0x00000000102028d0                MiniUartFlush
                0x00000000102028f0                MiniUartSetInterruptMode
                0x0000000010202900                MiniUartHasData
                0x0000000010202910                BootLoop
                0x0000000010202960                RtlInitDiag
                0x00000000102029a0                RtlOutDiagStringEx
                0x0000000010202a90                RtlOutDiagString
                0x0000000010202aa0                RtlAddDiagDevice
                0x0000000010202b10                RtlCloseDiagDevices
                0x0000000010202ba0                RtlLockDiagBuf
                0x0000000010202be0                RtlMoveDiagBuf
                0x0000000010202c30                RtlFlushDiagBuffers
                0x0000000010202d70                RtlFindFirstBit
                0x0000000010202d90                RtlFindNextBit
                0x0000000010202db0                RtlFindFirstZeroBit
                0x0000000010202dd0                RtlFindNextZeroBit
                0x0000000010202df0                RtlSetBitState
                0x0000000010202e20                RtlClearBitState
                0x0000000010202e50                RtlGetBitState
                0x0000000010202e70                RtlSetBitRange
                0x0000000010202f50                RtlClearBitRange
                0x0000000010203040                rtl_rand
                0x0000000010203070                rtl_srand
                0x0000000010203280                rtl_rb_tree_init
                0x0000000010203290                rtl_rb_tree_find_node
                0x0000000010203300                rtl_rb_tree_find_node_geq
                0x0000000010203380                rtl_rb_tree_find_node_leq
                0x0000000010203400                rtl_rb_tree_insert_node
                0x00000000102035f0                rtl_rb_tree_iterate
                0x0000000010203670                rtl_rb_tree_remove_node
                0x00000000102038b0                rtl_snprintf
                0x0000000010203900                rtl_printf
                0x0000000010203950                rtl_memcpy
                0x0000000010203970                rtl_memccpy
                0x00000000102039a0                rtl_memmove
                0x00000000102039f0                rtl_memchr
                0x0000000010203a30                rtl_memset
                0x0000000010203a50                rtl_memset32
                0x0000000010203a70                rtl_memset64
                0x0000000010203a90                rtl_memcmp
                0x0000000010203ad0                rtl_strcmp
                0x0000000010203b10                rtl_strncmp
                0x0000000010203b50                rtl_strcpy
                0x0000000010203b90                rtl_strncpy
                0x0000000010203bd0                rtl_strcat
                0x0000000010203c10                rtl_strncat
                0x0000000010203c60                rtl_strchr
                0x0000000010203c90                rtl_strrchr
                0x0000000010203cc0                rtl_strpbrk
                0x0000000010203d00                rtl_strspn
                0x0000000010203d50                rtl_strcspn
                0x0000000010203da0                rtl_strstr
                0x0000000010203df0                rtl_strlen
                0x0000000010203e20                rtl_strnlen
                0x0000000010203e60                rtl_strtok_r
                0x0000000010203ef0                RtlRomfsSet
                0x0000000010203f00                RtlRomfsReset
                0x0000000010203f10                RtlRomfsOpenFile
                0x0000000010203fc0                RtlRomfsGetFileSize
                0x0000000010204000                RtlRomfsGetFileBase
                0x0000000010204040                RtlRomfsGetFileId
                0x0000000010204070                RtlRomfsCountFiles
                0x0000000010204090                RtlRomfsOpenFileByIndex
                0x00000000102040c0                RtlRomfsGetFileName
                0x0000000010204180                RtlRomfsGetBase
                0x0000000010204190                RtlRomfsGetFsSize
                0x00000000102041a0                RtlRomfsCheckImage
                0x0000000010204330                RtlRomfsCheckImageStr
                0x0000000010204350                rtl_strtoll
                0x0000000010204500                rtl_strtoull
                0x00000000102046c0                rtl_vprintf
                0x0000000010204730                rtl_vsnprintf
                0x0000000010205590                rtl_vsscanf
                0x0000000010206050                rtl_sscanf
                0x00000000102060a0                RtlCallConstructors
                0x0000000010206150                RtlCallDestructors
                0x00000000102061b0                RtlHashFnv1a32Blob
                0x0000000010206200                RtlHashFnv1a32String
                0x0000000010206240                RtlHashFnv1a32StringN
                0x0000000010206290                RtlHashFnv1a64Blob
                0x00000000102062f0                RtlHashFnv1a64String
                0x0000000010206330                RtlHashFnv1a64StringN
                0x00000000102068c0                RtlRandomInit
                0x0000000010206a80                RtlRandomGet
                0x0000000010206ae0                RtlRandomSeed
                0x0000000010206b30                RtlRandomMemSanitize
                0x0000000010206b50                __assert_func
                0x0000000010206ba0                panic
                0x0000000010206c50                raise
                0x0000000010206c60                printk
                0x0000000010206cb0                coprintk
 .text          0x0000000010206e08        0x0 /tmp/tmp.SEqkBbx7gX
 *(.text.*)
 *(.stub)
                0x0000000010207000                . = ALIGN (0x1000)
 *fill*         0x0000000010206e08      0x1f8 
                0x0000000010207000                . = ALIGN (0x1000)

.boot           0x0000000010207000     0x2000
                0x0000000010207000                __BootTextBegin = .
 *(.boot.text)
 .boot.text     0x0000000010207000      0x320 /opt/KasperskyOS-Community-Edition-1.1.0.204/sysroot-aarch64-kos/../libexec/aarch64-kos/kos
                0x0000000010207000                InvalidateTLB
                0x0000000010207010                InvalidateCaches
                0x00000000102070a0                StartKernelMp
                0x00000000102070b0                PrepareKernelEntry
                0x0000000010207120                StartKernel
                0x0000000010207220                JoinSmp
                0x0000000010207320                __BootTextEnd = .
                0x0000000010208000                . = ALIGN (0x1000)
 *fill*         0x0000000010207320      0xce0 
                0x0000000010208000                __BootDataBegin = .
 *(.boot.data)
                0x0000000010208000                . = ALIGN (0x8)
                0x0000000010208000                __BootReleasedDataBegin = .
                0x0000000010208001                . = (. + 0x1)
 *fill*         0x0000000010208000        0x1 
                0x0000000010209000                . = ALIGN (0x1000)
 *fill*         0x0000000010208001      0xfff 
                0x0000000010209000                __BootDataEnd = .
 *(.boot.rodata)
 *(.boot.bss)
                0x0000000010209000                . = ALIGN (0x1000)
                0x0000000010209000                . = ALIGN (0x1000)

.data           0x0000000010209000     0x3000
 *(.data)
 .data          0x0000000010209000     0x2f28 /opt/KasperskyOS-Community-Edition-1.1.0.204/sysroot-aarch64-kos/../libexec/aarch64-kos/kos
                0x0000000010209100                InitialStackSize
                0x0000000010209200                fbConsole
                0x0000000010209240                uniFixed16Size
                0x0000000010209248                uniFixed16Psf
                0x000000001020bd08                uartHw
                0x000000001020bf00                SpinTableOut
                0x000000001020bf10                cpuStarted
 .data          0x000000001020bf28        0x0 /tmp/tmp.SEqkBbx7gX
 *(.data.rel)
 *(.data.rel.local)
 *(.got.plt)
 *(.got)
 *(.sdata)
                0x000000001020c000                . = ALIGN (0x1000)
 *fill*         0x000000001020bf28       0xd8 
                0x000000001020c000                . = ALIGN (0x1000)

.rodata         0x000000001020c000   0x273000
 *(.rodata)
 .rodata        0x000000001020c000    0x5afbc /opt/KasperskyOS-Community-Edition-1.1.0.204/sysroot-aarch64-kos/../libexec/aarch64-kos/kos
                0x000000001020c000                kernelImageBegin
                0x0000000010265458                kernelImageEnd
                0x0000000010265468                translationLevelPattern4Kb
 *(.rodata.*)
 *fill*         0x0000000010266fbc        0x4 
 .rodata.str1.8
                0x0000000010266fc0      0x510 /opt/KasperskyOS-Community-Edition-1.1.0.204/sysroot-aarch64-kos/../libexec/aarch64-kos/kos
                                        0x548 (size before relaxing)
 .rodata.cst8   0x00000000102674d0       0x38 /opt/KasperskyOS-Community-Edition-1.1.0.204/sysroot-aarch64-kos/../libexec/aarch64-kos/kos
 *(.data.rel.ro)
 *(.data.rel.ro.local)
                0x0000000010268000                . = ALIGN (0x1000)
 *fill*         0x0000000010267508      0xaf8 
                0x0000000010268000                __RomfsBegin = .
 *(.romfs)
 .romfs         0x0000000010268000   0x217000 /tmp/tmp.SEqkBbx7gX
 *(.romfs.*)
                0x000000001047f000                __RomfsEnd = .
                0x000000001047f000                . = ALIGN (0x1000)
                0x000000000027f000                _imagesize = (. - _begin)
                0x000000001047f000                . = ALIGN (0x1000)

.bootstub       0x000000001047f000        0x0
 *(.bootstub)
                0x000000001047f000                . = ALIGN (0x1000)
                0x000000001047f000                . = ALIGN (0x1000)

.bss            0x000000001047f000     0xe000
 *(.bss..page_aligned)
 *(.dynbss)
 *(.bss)
 .bss           0x000000001047f000     0xd138 /opt/KasperskyOS-Community-Edition-1.1.0.204/sysroot-aarch64-kos/../libexec/aarch64-kos/kos
                0x0000000010481000                InitialStack
                0x0000000010481028                fbBase
                0x0000000010481048                realFbBase
                0x0000000010481068                mboxBase
                0x0000000010482000                mboxBufferPhys
                0x0000000010483000                mboxBuffer
 .bss           0x000000001048c138        0x0 /tmp/tmp.SEqkBbx7gX
 *(COMMON)
 *(.sbss)
 *(.scommon)
                0x000000001048d000                . = ALIGN (0x1000)
 *fill*         0x000000001048c138      0xec8 
                0x000000001048d000                _end = .

/DISCARD/
 *(.discard)
 *(.discard.*)
 *(*)
OUTPUT(/home/user/echo/build/einit/kos-image elf64-littleaarch64)
